// Jest Snapshot v1, https://goo.gl/fbAQLP

exports[`MovieCard render <MovieCard /> 1`] = `
<article
  className="movie"
  onMouseEnter={[Function]}
  onMouseLeave={[Function]}
>
  <a
    href="/movies/Brother"
    onClick={[Function]}
  >
    <div
      className="movie-img"
    >
      <img
        alt="Brother"
        src="https://i10.fotocdn.net/s124/a80214fc2d561294/user_xl/2825091898.jpg"
      />
    </div>
  </a>
  <div
    className="movie-info"
  >
    <p>
      Brother
    </p>
    <p
      className="movie-info-year"
    >
      1997
    </p>
  </div>
  <p
    className="movie-genre"
  >
    Thriller
  </p>
  <div
    className="dots-icon dots-icon-hidden"
    onClick={[Function]}
  />
</article>
`;
