// Jest Snapshot v1, https://goo.gl/fbAQLP

exports[`Spinner render <Spinner /> 1`] = `
<div
  className="spinner"
>
  <div
    className="item-1"
  />
  <div
    className="item-2"
  />
  <div
    className="item-3"
  />
  <div
    className="item-4"
  />
  <div
    className="item-5"
  />
</div>
`;
